Toto je nejaky text
Toto je nejaky text, ktery jeste trochu obohatime4 znaky od16. znaku v "Toto je nejaky text, ktery jeste trochu obohatime": text
Zadejte serazenou posloupnost vsech malych pismen a-h, pricemz se pismena nesmeji v posloupnosti opakovat: 
Spatne zadana posloupnost, zkuste znovu: