calling f with 10
calling g with 9
calling f with 9
res: 8
