Toto je nejaky text
Toto je nejaky text, ktery jeste trochu obohatime
4 znaky od 16. znaku v "Toto je nejaky text, ktery jeste trochu obohatime":text
4 znaky od 16. znaku v "Toto je nejaky text, ktery jeste trochu obohatime":text
