10107Insert non-empty input for quiting, otherwise next iteration.
7Insert non-empty input for quiting, otherwise next iteration.
7Insert non-empty input for quiting, otherwise next iteration.
7Insert non-empty input for quiting, otherwise next iteration.
